{"timestamp":"2026-07-13 13:25:51","level":"ERROR","message":"Validation failed","context":{"code":422,"errors":{"refresh_token":["Refresh token is required."]}},"doctor_id":23,"endpoint":"/rx-backend/auth/logout","method":"POST","request_id":"3caa17407135"}
{"timestamp":"2026-07-13 13:27:34","level":"ERROR","message":"Mail failed","context":{"email":"vedanshutholiya@gmail.com","error":"SMTP Error: Could not authenticate."},"doctor_id":null,"endpoint":"/rx-backend/auth/register","method":"POST","request_id":"62cced77039b"}
{"timestamp":"2026-07-13 13:28:50","level":"ERROR","message":"Mail failed","context":{"email":"vedanshutholiya@gmail.com","error":"SMTP Error: Could not authenticate."},"doctor_id":null,"endpoint":"/rx-backend/auth/resend-otp","method":"POST","request_id":"8ebc14d9d860"}
{"timestamp":"2026-07-13 13:29:56","level":"ERROR","message":"Incorrect password","context":{"code":401,"errors":{"field":"password"}},"doctor_id":null,"endpoint":"/rx-backend/auth/login","method":"POST","request_id":"404e2e67be5b"}
{"timestamp":"2026-07-13 13:30:02","level":"ERROR","message":"Validation failed","context":{"code":422,"errors":{"email":["Email must be a valid email."]}},"doctor_id":null,"endpoint":"/rx-backend/auth/check-email","method":"POST","request_id":"e05bad7768bf"}
{"timestamp":"2026-07-13 13:30:02","level":"ERROR","message":"Validation failed","context":{"code":422,"errors":{"email":["Email must be a valid email."]}},"doctor_id":null,"endpoint":"/rx-backend/auth/check-email","method":"POST","request_id":"38ffc25ee798"}
{"timestamp":"2026-07-13 13:30:03","level":"ERROR","message":"Validation failed","context":{"code":422,"errors":{"email":["Email must be a valid email."]}},"doctor_id":null,"endpoint":"/rx-backend/auth/check-email","method":"POST","request_id":"13ca6dad7a69"}
{"timestamp":"2026-07-13 13:30:05","level":"ERROR","message":"Validation failed","context":{"code":422,"errors":{"email":["Email must be a valid email."]}},"doctor_id":null,"endpoint":"/rx-backend/auth/check-email","method":"POST","request_id":"b5051cfed884"}
{"timestamp":"2026-07-13 13:30:05","level":"ERROR","message":"Validation failed","context":{"code":422,"errors":{"email":["Email must be a valid email."]}},"doctor_id":null,"endpoint":"/rx-backend/auth/check-email","method":"POST","request_id":"344f07107040"}
{"timestamp":"2026-07-13 13:30:05","level":"ERROR","message":"Validation failed","context":{"code":422,"errors":{"email":["Email must be a valid email."]}},"doctor_id":null,"endpoint":"/rx-backend/auth/check-email","method":"POST","request_id":"9f7fd5d18546"}
{"timestamp":"2026-07-13 13:30:05","level":"ERROR","message":"Validation failed","context":{"code":422,"errors":{"email":["Email must be a valid email."]}},"doctor_id":null,"endpoint":"/rx-backend/auth/check-email","method":"POST","request_id":"db0ecceaddc2"}
{"timestamp":"2026-07-13 13:30:05","level":"ERROR","message":"Validation failed","context":{"code":422,"errors":{"email":["Email must be a valid email."]}},"doctor_id":null,"endpoint":"/rx-backend/auth/check-email","method":"POST","request_id":"32d8af7180ab"}
{"timestamp":"2026-07-13 13:30:05","level":"ERROR","message":"Validation failed","context":{"code":422,"errors":{"email":["Email must be a valid email."]}},"doctor_id":null,"endpoint":"/rx-backend/auth/check-email","method":"POST","request_id":"7d9772486935"}
{"timestamp":"2026-07-13 13:30:05","level":"ERROR","message":"Validation failed","context":{"code":422,"errors":{"email":["Email must be a valid email."]}},"doctor_id":null,"endpoint":"/rx-backend/auth/check-email","method":"POST","request_id":"fcdd2bfcdb94"}
{"timestamp":"2026-07-13 13:30:05","level":"ERROR","message":"Validation failed","context":{"code":422,"errors":{"email":["Email must be a valid email."]}},"doctor_id":null,"endpoint":"/rx-backend/auth/check-email","method":"POST","request_id":"f6f33cbf5d78"}
{"timestamp":"2026-07-13 13:30:05","level":"ERROR","message":"Validation failed","context":{"code":422,"errors":{"email":["Email must be a valid email."]}},"doctor_id":null,"endpoint":"/rx-backend/auth/check-email","method":"POST","request_id":"ed2b3362a6d4"}
{"timestamp":"2026-07-13 13:30:05","level":"ERROR","message":"Validation failed","context":{"code":422,"errors":{"email":["Email must be a valid email."]}},"doctor_id":null,"endpoint":"/rx-backend/auth/check-email","method":"POST","request_id":"82ba3a989443"}
{"timestamp":"2026-07-13 13:30:05","level":"ERROR","message":"Validation failed","context":{"code":422,"errors":{"email":["Email must be a valid email."]}},"doctor_id":null,"endpoint":"/rx-backend/auth/check-email","method":"POST","request_id":"612e00710705"}
{"timestamp":"2026-07-13 13:30:05","level":"ERROR","message":"Validation failed","context":{"code":422,"errors":{"email":["Email must be a valid email."]}},"doctor_id":null,"endpoint":"/rx-backend/auth/check-email","method":"POST","request_id":"e527631f7f4c"}
{"timestamp":"2026-07-13 13:30:06","level":"ERROR","message":"Validation failed","context":{"code":422,"errors":{"email":["Email must be a valid email."]}},"doctor_id":null,"endpoint":"/rx-backend/auth/check-email","method":"POST","request_id":"e5b767069575"}
{"timestamp":"2026-07-13 13:30:06","level":"ERROR","message":"Validation failed","context":{"code":422,"errors":{"email":["Email must be a valid email."]}},"doctor_id":null,"endpoint":"/rx-backend/auth/check-email","method":"POST","request_id":"817e4940ba0d"}
{"timestamp":"2026-07-13 13:30:07","level":"ERROR","message":"Validation failed","context":{"code":422,"errors":{"email":["Email must be a valid email."]}},"doctor_id":null,"endpoint":"/rx-backend/auth/check-email","method":"POST","request_id":"174eded312e5"}
{"timestamp":"2026-07-13 13:30:13","level":"ERROR","message":"Mail failed","context":{"email":"vedanshutholiya@gmail.com","error":"SMTP Error: Could not authenticate."},"doctor_id":null,"endpoint":"/rx-backend/auth/forgot-password","method":"POST","request_id":"52ef0489bf53"}
{"timestamp":"2026-07-13 13:33:24","level":"ERROR","message":"Mail failed","context":{"email":"vedanshutholiya@gmail.com","error":"SMTP Error: Could not authenticate."},"doctor_id":null,"endpoint":"/rx-backend/auth/register","method":"POST","request_id":"34b71c94966d"}
{"timestamp":"2026-07-13 13:37:16","level":"ERROR","message":"Mail failed","context":{"email":"vedanshutholiya@gmail.com","error":"SMTP Error: Could not authenticate."},"doctor_id":null,"endpoint":"/rx-backend/auth/register","method":"POST","request_id":"317703ce5b6a"}
{"timestamp":"2026-07-13 13:41:53","level":"ERROR","message":"Validation failed","context":{"code":422,"errors":{"refresh_token":["Refresh token is required."]}},"doctor_id":27,"endpoint":"/rx-backend/auth/logout","method":"POST","request_id":"5009162c8a46"}
{"timestamp":"2026-07-13 13:42:05","level":"ERROR","message":"Validation failed","context":{"code":422,"errors":{"refresh_token":["Refresh token is required."]}},"doctor_id":27,"endpoint":"/rx-backend/auth/logout","method":"POST","request_id":"9ac69e6ad0b4"}
